
> Configure project :
Fabric Loom: 1.10.1

> Task :compileJava
Note: Some input files use or override a deprecated API.
Note: Recompile with -Xlint:deprecation for details.
Note: C:\Users\Lenovo\OneDrive\Desktop\ModDevelop\SkamMod\fabric1.20.1\skam-mod\src\main\java\com\example\skam\MobConfig.java uses unchecked or unsafe operations.
Note: Recompile with -Xlint:unchecked for details.

> Task :processResources UP-TO-DATE
> Task :classes
> Task :jar
> Task :compileTestJava NO-SOURCE
> Task :processIncludeJars UP-TO-DATE
> Task :sourcesJar
> Task :processTestResources NO-SOURCE
> Task :testClasses UP-TO-DATE
> Task :test NO-SOURCE
> Task :validateAccessWidener NO-SOURCE
> Task :check UP-TO-DATE
> Task :remapJar
> Task :remapSourcesJar
> Task :assemble
> Task :build

[Incubating] Problems report is available at: file:///C:/Users/Lenovo/OneDrive/Desktop/ModDevelop/SkamMod/fabric1.20.1/skam-mod/build/reports/problems/problems-report.html

Deprecated Gradle features were used in this build, making it incompatible with Gradle 9.0.

You can use '--warning-mode all' to show the individual deprecation warnings and determine if they come from your own scripts or plugins.

For more on this, please refer to https://docs.gradle.org/8.12/userguide/command_line_interface.html#sec:command_line_warnings in the Gradle documentation.

BUILD SUCCESSFUL in 15s
7 actionable tasks: 5 executed, 2 up-to-date
